14:42:06 **** Incremental Build of configuration Debug for project BlackPill_Blink2 ****
make -j8 all 
arm-none-eabi-gcc "../Core/Src/main.c" -mcpu=cortex-m4 -std=gnu11 -g3 -DDEBUG -DUSE_HAL_DRIVER -DSTM32F411xE -c -I../Core/Inc -I../Drivers/STM32F4xx_HAL_Driver/Inc -I../Drivers/STM32F4xx_HAL_Driver/Inc/Legacy -I../Drivers/CMSIS/Device/ST/STM32F4xx/Include -I../Drivers/CMSIS/Include -O0 -ffunction-sections -fdata-sections -Wall -fstack-usage -fcyclomatic-complexity -MMD -MP -MF"Core/Src/main.d" -MT"Core/Src/main.o" --specs=nano.specs -mfpu=fpv4-sp-d16 -mfloat-abi=hard -mthumb -o "Core/Src/main.o"
arm-none-eabi-gcc -o "BlackPill_Blink2.elf" @"objects.list"   -mcpu=cortex-m4 -T"/home/michael/Documents/MISC/BlackPill_Blink2/STM32F411CEUX_FLASH.ld" --specs=nosys.specs -Wl,-Map="BlackPill_Blink2.map" -Wl,--gc-sections -static --specs=nano.specs -mfpu=fpv4-sp-d16 -mfloat-abi=hard -mthumb -Wl,--start-group -lc -lm -Wl,--end-group
Finished building target: BlackPill_Blink2.elf
 
arm-none-eabi-size  BlackPill_Blink2.elf 
arm-none-eabi-objdump -h -S BlackPill_Blink2.elf  > "BlackPill_Blink2.list"
   text	   data	    bss	    dec	    hex	filename
  12716	    104	   1976	  14796	   39cc	BlackPill_Blink2.elf
Finished building: default.size.stdout
 
Finished building: BlackPill_Blink2.list
 

14:42:08 Build Finished. 0 errors, 0 warnings. (took 1s.487ms)

