11:24:50 **** Incremental Build of configuration Debug for project BlackPillBlink_NoHAL ****
make -j7 all 
arm-none-eabi-gcc "../Src/main.c" -mcpu=cortex-m4 -std=gnu11 -g3 -DDEBUG -DSTM32 -DSTM32F4 -DSTM32F411CEUx -c -I../Inc -O0 -ffunction-sections -fdata-sections -Wall -fstack-usage -fcyclomatic-complexity -MMD -MP -MF"Src/main.d" -MT"Src/main.o" --specs=nano.specs -mfpu=fpv4-sp-d16 -mfloat-abi=hard -mthumb -o "Src/main.o"
arm-none-eabi-gcc -o "BlackPillBlink_NoHAL.elf" @"objects.list"   -mcpu=cortex-m4 -T"/Users/michaelalex/Documents/Git/MISC/BlackPillBlink_NoHAL/STM32F411CEUX_FLASH.ld" --specs=nosys.specs -Wl,-Map="BlackPillBlink_NoHAL.map" -Wl,--gc-sections -static --specs=nano.specs -mfpu=fpv4-sp-d16 -mfloat-abi=hard -mthumb -Wl,--start-group -lc -lm -Wl,--end-group
Finished building target: BlackPillBlink_NoHAL.elf
 
arm-none-eabi-size  BlackPillBlink_NoHAL.elf 
arm-none-eabi-objdump -h -S BlackPillBlink_NoHAL.elf  > "BlackPillBlink_NoHAL.list"
   text	   data	    bss	    dec	    hex	filename
    796	      0	   1568	   2364	    93c	BlackPillBlink_NoHAL.elf
Finished building: default.size.stdout
 
Finished building: BlackPillBlink_NoHAL.list
 

11:24:51 Build Finished. 0 errors, 0 warnings. (took 385ms)

