21:56:27 **** Incremental Build of configuration Debug for project BlackPill_Timer1 ****
make -j8 all 
arm-none-eabi-gcc "../Core/Src/main.c" -mcpu=cortex-m4 -std=gnu11 -g3 -DDEBUG -DUSE_HAL_DRIVER -DSTM32F411xE -c -I../Core/Inc -I../Drivers/STM32F4xx_HAL_Driver/Inc -I../Drivers/STM32F4xx_HAL_Driver/Inc/Legacy -I../Drivers/CMSIS/Device/ST/STM32F4xx/Include -I../Drivers/CMSIS/Include -Og -ffunction-sections -fdata-sections -Wall -fstack-usage -fcyclomatic-complexity -MMD -MP -MF"Core/Src/main.d" -MT"Core/Src/main.o" --specs=nano.specs -mfpu=fpv4-sp-d16 -mfloat-abi=hard -mthumb -o "Core/Src/main.o"
arm-none-eabi-gcc -o "BlackPill_Timer1.elf" @"objects.list"   -mcpu=cortex-m4 -T"/home/michael/Documents/MISC/BlackPill_Timer1/STM32F411CEUX_FLASH.ld" --specs=nosys.specs -Wl,-Map="BlackPill_Timer1.map" -Wl,--gc-sections -static --specs=nano.specs -mfpu=fpv4-sp-d16 -mfloat-abi=hard -mthumb -Wl,--start-group -lc -lm -Wl,--end-group
Finished building target: BlackPill_Timer1.elf
 
arm-none-eabi-size  BlackPill_Timer1.elf 
arm-none-eabi-objdump -h -S BlackPill_Timer1.elf  > "BlackPill_Timer1.list"
   text	   data	    bss	    dec	    hex	filename
  11068	    104	   2048	  13220	   33a4	BlackPill_Timer1.elf
Finished building: default.size.stdout
 
Finished building: BlackPill_Timer1.list
 

21:56:29 Build Finished. 0 errors, 0 warnings. (took 1s.605ms)

