17:19:12 **** Incremental Build of configuration Debug for project F407_RNG ****
make -j8 all 
arm-none-eabi-gcc "../Src/main.c" -mcpu=cortex-m4 -std=gnu11 -g3 -DDEBUG -DSTM32 -DSTM32F407G_DISC1 -DSTM32F4 -DSTM32F407VGTx -c -I../Inc -O0 -ffunction-sections -fdata-sections -Wall -fstack-usage -fcyclomatic-complexity -MMD -MP -MF"Src/main.d" -MT"Src/main.o" --specs=nano.specs -mfpu=fpv4-sp-d16 -mfloat-abi=hard -mthumb -o "Src/main.o"
../Src/main.c: In function 'main':
../Src/main.c:27:18: warning: variable 'random_number' set but not used [-Wunused-but-set-variable]
   27 |         uint32_t random_number;
      |                  ^~~~~~~~~~~~~
arm-none-eabi-gcc -o "F407_RNG.elf" @"objects.list"   -mcpu=cortex-m4 -T"/home/michael/Documents/MISC/F407_RNG/STM32F407VGTX_FLASH.ld" --specs=nosys.specs -Wl,-Map="F407_RNG.map" -Wl,--gc-sections -static --specs=nano.specs -mfpu=fpv4-sp-d16 -mfloat-abi=hard -mthumb -Wl,--start-group -lc -lm -Wl,--end-group
Finished building target: F407_RNG.elf
 
arm-none-eabi-size  F407_RNG.elf 
arm-none-eabi-objdump -h -S F407_RNG.elf  > "F407_RNG.list"
   text	   data	    bss	    dec	    hex	filename
    732	      0	   1568	   2300	    8fc	F407_RNG.elf
Finished building: default.size.stdout
 
Finished building: F407_RNG.list
 

17:19:13 Build Finished. 0 errors, 1 warnings. (took 1s.447ms)

