21:06:10 **** Incremental Build of configuration Debug for project F407_RNG_LEDBlink_NoHAL ****
make -j8 all 
arm-none-eabi-gcc "../Src/main.c" -mcpu=cortex-m4 -std=gnu11 -g3 -DDEBUG -DSTM32 -DSTM32F407G_DISC1 -DSTM32F4 -DSTM32F407VGTx -c -I../Inc -O0 -ffunction-sections -fdata-sections -Wall -fstack-usage -fcyclomatic-complexity -MMD -MP -MF"Src/main.d" -MT"Src/main.o" --specs=nano.specs -mfpu=fpv4-sp-d16 -mfloat-abi=hard -mthumb -o "Src/main.o"
arm-none-eabi-gcc -o "F407_RNG_LEDBlink_NoHAL.elf" @"objects.list"   -mcpu=cortex-m4 -T"/home/michael/Documents/STCode/MISC/F407_RNG_LEDBlink_NoHAL/STM32F407VGTX_FLASH.ld" --specs=nosys.specs -Wl,-Map="F407_RNG_LEDBlink_NoHAL.map" -Wl,--gc-sections -static --specs=nano.specs -mfpu=fpv4-sp-d16 -mfloat-abi=hard -mthumb -Wl,--start-group -lc -lm -Wl,--end-group
Finished building target: F407_RNG_LEDBlink_NoHAL.elf
 
arm-none-eabi-size  F407_RNG_LEDBlink_NoHAL.elf 
arm-none-eabi-objdump -h -S F407_RNG_LEDBlink_NoHAL.elf  > "F407_RNG_LEDBlink_NoHAL.list"
   text	   data	    bss	    dec	    hex	filename
    912	      0	   1568	   2480	    9b0	F407_RNG_LEDBlink_NoHAL.elf
Finished building: default.size.stdout
 
Finished building: F407_RNG_LEDBlink_NoHAL.list
 
21:06:25 **** Incremental Build of configuration Debug for project F407_RNG_LEDBlink_NoHAL ****
make -j8 all 
arm-none-eabi-size  F407_RNG_LEDBlink_NoHAL.elf 
   text	   data	    bss	    dec	    hex	filename
    912	      0	   1568	   2480	    9b0	F407_RNG_LEDBlink_NoHAL.elf
Finished building: default.size.stdout
 
21:10:05 **** Incremental Build of configuration Debug for project F407_RNG_LEDBlink_NoHAL ****
make -j8 all 
arm-none-eabi-gcc "../Src/main.c" -mcpu=cortex-m4 -std=gnu11 -g3 -DDEBUG -DSTM32 -DSTM32F407G_DISC1 -DSTM32F4 -DSTM32F407VGTx -c -I../Inc -O0 -ffunction-sections -fdata-sections -Wall -fstack-usage -fcyclomatic-complexity -MMD -MP -MF"Src/main.d" -MT"Src/main.o" --specs=nano.specs -mfpu=fpv4-sp-d16 -mfloat-abi=hard -mthumb -o "Src/main.o"
arm-none-eabi-gcc -o "F407_RNG_LEDBlink_NoHAL.elf" @"objects.list"   -mcpu=cortex-m4 -T"/home/michael/Documents/STCode/MISC/F407_RNG_LEDBlink_NoHAL/STM32F407VGTX_FLASH.ld" --specs=nosys.specs -Wl,-Map="F407_RNG_LEDBlink_NoHAL.map" -Wl,--gc-sections -static --specs=nano.specs -mfpu=fpv4-sp-d16 -mfloat-abi=hard -mthumb -Wl,--start-group -lc -lm -Wl,--end-group
Finished building target: F407_RNG_LEDBlink_NoHAL.elf
 
arm-none-eabi-size  F407_RNG_LEDBlink_NoHAL.elf 
arm-none-eabi-objdump -h -S F407_RNG_LEDBlink_NoHAL.elf  > "F407_RNG_LEDBlink_NoHAL.list"
   text	   data	    bss	    dec	    hex	filename
    960	      0	   1568	   2528	    9e0	F407_RNG_LEDBlink_NoHAL.elf
Finished building: default.size.stdout
 
Finished building: F407_RNG_LEDBlink_NoHAL.list
 
21:11:09 **** Incremental Build of configuration Debug for project F407_RNG_LEDBlink_NoHAL ****
make -j8 all 
arm-none-eabi-gcc "../Src/main.c" -mcpu=cortex-m4 -std=gnu11 -g3 -DDEBUG -DSTM32 -DSTM32F407G_DISC1 -DSTM32F4 -DSTM32F407VGTx -c -I../Inc -O0 -ffunction-sections -fdata-sections -Wall -fstack-usage -fcyclomatic-complexity -MMD -MP -MF"Src/main.d" -MT"Src/main.o" --specs=nano.specs -mfpu=fpv4-sp-d16 -mfloat-abi=hard -mthumb -o "Src/main.o"
arm-none-eabi-gcc -o "F407_RNG_LEDBlink_NoHAL.elf" @"objects.list"   -mcpu=cortex-m4 -T"/home/michael/Documents/STCode/MISC/F407_RNG_LEDBlink_NoHAL/STM32F407VGTX_FLASH.ld" --specs=nosys.specs -Wl,-Map="F407_RNG_LEDBlink_NoHAL.map" -Wl,--gc-sections -static --specs=nano.specs -mfpu=fpv4-sp-d16 -mfloat-abi=hard -mthumb -Wl,--start-group -lc -lm -Wl,--end-group
Finished building target: F407_RNG_LEDBlink_NoHAL.elf
 
arm-none-eabi-size  F407_RNG_LEDBlink_NoHAL.elf 
arm-none-eabi-objdump -h -S F407_RNG_LEDBlink_NoHAL.elf  > "F407_RNG_LEDBlink_NoHAL.list"
   text	   data	    bss	    dec	    hex	filename
    960	      0	   1568	   2528	    9e0	F407_RNG_LEDBlink_NoHAL.elf
Finished building: default.size.stdout
 
Finished building: F407_RNG_LEDBlink_NoHAL.list
 
